running egg_info
writing ../../build/package/package.egg-info/PKG-INFO
writing dependency_links to ../../build/package/package.egg-info/dependency_links.txt
writing entry points to ../../build/package/package.egg-info/entry_points.txt
writing requirements to ../../build/package/package.egg-info/requires.txt
writing top-level names to ../../build/package/package.egg-info/top_level.txt
reading manifest file '../../build/package/package.egg-info/SOURCES.txt'
writing manifest file '../../build/package/package.egg-info/SOURCES.txt'
running build
running build_py
copying package/controller_node.py -> /home/mohamed-khaled/turtle/build/package/build/lib/package
running install
running install_lib
copying /home/mohamed-khaled/turtle/build/package/build/lib/package/controller_node.py -> /home/mohamed-khaled/turtle/install/package/lib/python3.12/site-packages/package
byte-compiling /home/mohamed-khaled/turtle/install/package/lib/python3.12/site-packages/package/controller_node.py to controller_node.cpython-312.pyc
running install_data
copying launch/controller.launch.py -> /home/mohamed-khaled/turtle/install/package/share/package/launch
running install_egg_info
removing '/home/mohamed-khaled/turtle/install/package/lib/python3.12/site-packages/package-0.0.0-py3.12.egg-info' (and everything under it)
Copying ../../build/package/package.egg-info to /home/mohamed-khaled/turtle/install/package/lib/python3.12/site-packages/package-0.0.0-py3.12.egg-info
running install_scripts
Installing controller_node script to /home/mohamed-khaled/turtle/install/package/lib/package
writing list of installed files to '/home/mohamed-khaled/turtle/build/package/install.log'
