running egg_info
writing ../../build/package/controller.egg-info/PKG-INFO
writing dependency_links to ../../build/package/controller.egg-info/dependency_links.txt
writing entry points to ../../build/package/controller.egg-info/entry_points.txt
writing requirements to ../../build/package/controller.egg-info/requires.txt
writing top-level names to ../../build/package/controller.egg-info/top_level.txt
reading manifest file '../../build/package/controller.egg-info/SOURCES.txt'
writing manifest file '../../build/package/controller.egg-info/SOURCES.txt'
running build
running build_py
running install
running install_lib
running install_data
creating /home/mohamed-khaled/turtle/install/package/share/controller/launch
copying launch/controller.launch.py -> /home/mohamed-khaled/turtle/install/package/share/controller/launch
running install_egg_info
removing '/home/mohamed-khaled/turtle/install/package/lib/python3.12/site-packages/controller-0.0.0-py3.12.egg-info' (and everything under it)
Copying ../../build/package/controller.egg-info to /home/mohamed-khaled/turtle/install/package/lib/python3.12/site-packages/controller-0.0.0-py3.12.egg-info
running install_scripts
Installing controller_node script to /home/mohamed-khaled/turtle/install/package/lib/controller
writing list of installed files to '/home/mohamed-khaled/turtle/build/package/install.log'
