[0.862s] Invoking command in '/home/mohamed-khaled/turtle/src/package': DEBUGINFOD_URLS=https://debuginfod.ubuntu.com PYTHONPATH=/home/mohamed-khaled/turtle/build/package/prefix_override:/usr/lib/python3/dist-packages/colcon_core/task/python/colcon_distutils_commands:/home/mohamed-khaled/turtle/install/package/lib/python3.12/site-packages:${PYTHONPATH} /usr/bin/python3 -W ignore:setup.py install is deprecated -W ignore:easy_install command is deprecated setup.py egg_info --egg-base ../../build/package build --build-base /home/mohamed-khaled/turtle/build/package/build install --record /home/mohamed-khaled/turtle/build/package/install.log --install-scripts $base/lib/package --single-version-externally-managed install_data
[1.151s] running egg_info
[1.176s] writing ../../build/package/package.egg-info/PKG-INFO
[1.176s] writing dependency_links to ../../build/package/package.egg-info/dependency_links.txt
[1.177s] writing entry points to ../../build/package/package.egg-info/entry_points.txt
[1.177s] writing requirements to ../../build/package/package.egg-info/requires.txt
[1.177s] writing top-level names to ../../build/package/package.egg-info/top_level.txt
[1.222s] reading manifest file '../../build/package/package.egg-info/SOURCES.txt'
[1.223s] writing manifest file '../../build/package/package.egg-info/SOURCES.txt'
[1.223s] running build
[1.223s] running build_py
[1.223s] copying package/controller_node.py -> /home/mohamed-khaled/turtle/build/package/build/lib/package
[1.223s] running install
[1.230s] running install_lib
[1.253s] copying /home/mohamed-khaled/turtle/build/package/build/lib/package/controller_node.py -> /home/mohamed-khaled/turtle/install/package/lib/python3.12/site-packages/package
[1.253s] byte-compiling /home/mohamed-khaled/turtle/install/package/lib/python3.12/site-packages/package/controller_node.py to controller_node.cpython-312.pyc
[1.254s] running install_data
[1.255s] running install_egg_info
[1.278s] removing '/home/mohamed-khaled/turtle/install/package/lib/python3.12/site-packages/package-0.0.0-py3.12.egg-info' (and everything under it)
[1.279s] Copying ../../build/package/package.egg-info to /home/mohamed-khaled/turtle/install/package/lib/python3.12/site-packages/package-0.0.0-py3.12.egg-info
[1.279s] running install_scripts
[1.436s] Installing controller_node script to /home/mohamed-khaled/turtle/install/package/lib/package
[1.437s] writing list of installed files to '/home/mohamed-khaled/turtle/build/package/install.log'
[1.465s] Invoked command in '/home/mohamed-khaled/turtle/src/package' returned '0': DEBUGINFOD_URLS=https://debuginfod.ubuntu.com PYTHONPATH=/home/mohamed-khaled/turtle/build/package/prefix_override:/usr/lib/python3/dist-packages/colcon_core/task/python/colcon_distutils_commands:/home/mohamed-khaled/turtle/install/package/lib/python3.12/site-packages:${PYTHONPATH} /usr/bin/python3 -W ignore:setup.py install is deprecated -W ignore:easy_install command is deprecated setup.py egg_info --egg-base ../../build/package build --build-base /home/mohamed-khaled/turtle/build/package/build install --record /home/mohamed-khaled/turtle/build/package/install.log --install-scripts $base/lib/package --single-version-externally-managed install_data
