[0.907s] Invoking command in '/home/mohamed-khaled/turtle/src/package': DEBUGINFOD_URLS=https://debuginfod.ubuntu.com PYTHONPATH=/home/mohamed-khaled/turtle/build/package/prefix_override:/usr/lib/python3/dist-packages/colcon_core/task/python/colcon_distutils_commands:/home/mohamed-khaled/turtle/install/package/lib/python3.12/site-packages:${PYTHONPATH} /usr/bin/python3 -W ignore:setup.py install is deprecated -W ignore:easy_install command is deprecated setup.py egg_info --egg-base ../../build/package build --build-base /home/mohamed-khaled/turtle/build/package/build install --record /home/mohamed-khaled/turtle/build/package/install.log --install-scripts $base/lib/package --single-version-externally-managed install_data
[1.244s] running egg_info
[1.270s] writing ../../build/package/package.egg-info/PKG-INFO
[1.270s] writing dependency_links to ../../build/package/package.egg-info/dependency_links.txt
[1.270s] writing entry points to ../../build/package/package.egg-info/entry_points.txt
[1.270s] writing requirements to ../../build/package/package.egg-info/requires.txt
[1.270s] writing top-level names to ../../build/package/package.egg-info/top_level.txt
[1.325s] reading manifest file '../../build/package/package.egg-info/SOURCES.txt'
[1.326s] writing manifest file '../../build/package/package.egg-info/SOURCES.txt'
[1.326s] running build
[1.326s] running build_py
[1.326s] running install
[1.334s] running install_lib
[1.360s] running install_data
[1.361s] copying launch/controller.launch.py -> /home/mohamed-khaled/turtle/install/package/share/package/launch
[1.361s] running install_egg_info
[1.388s] removing '/home/mohamed-khaled/turtle/install/package/lib/python3.12/site-packages/package-0.0.0-py3.12.egg-info' (and everything under it)
[1.388s] Copying ../../build/package/package.egg-info to /home/mohamed-khaled/turtle/install/package/lib/python3.12/site-packages/package-0.0.0-py3.12.egg-info
[1.389s] running install_scripts
[1.553s] Installing controller_node script to /home/mohamed-khaled/turtle/install/package/lib/package
[1.553s] writing list of installed files to '/home/mohamed-khaled/turtle/build/package/install.log'
[1.581s] Invoked command in '/home/mohamed-khaled/turtle/src/package' returned '0': DEBUGINFOD_URLS=https://debuginfod.ubuntu.com PYTHONPATH=/home/mohamed-khaled/turtle/build/package/prefix_override:/usr/lib/python3/dist-packages/colcon_core/task/python/colcon_distutils_commands:/home/mohamed-khaled/turtle/install/package/lib/python3.12/site-packages:${PYTHONPATH} /usr/bin/python3 -W ignore:setup.py install is deprecated -W ignore:easy_install command is deprecated setup.py egg_info --egg-base ../../build/package build --build-base /home/mohamed-khaled/turtle/build/package/build install --record /home/mohamed-khaled/turtle/build/package/install.log --install-scripts $base/lib/package --single-version-externally-managed install_data
