[0.835s] Invoking command in '/home/mohamed-khaled/turtle/src/package': DEBUGINFOD_URLS=https://debuginfod.ubuntu.com PYTHONPATH=/home/mohamed-khaled/turtle/build/package/prefix_override:/usr/lib/python3/dist-packages/colcon_core/task/python/colcon_distutils_commands:/home/mohamed-khaled/turtle/install/package/lib/python3.12/site-packages:${PYTHONPATH} /usr/bin/python3 -W ignore:setup.py install is deprecated -W ignore:easy_install command is deprecated setup.py egg_info --egg-base ../../build/package build --build-base /home/mohamed-khaled/turtle/build/package/build install --record /home/mohamed-khaled/turtle/build/package/install.log --install-scripts $base/lib/controller --single-version-externally-managed install_data
[1.123s] running egg_info
[1.145s] writing ../../build/package/controller.egg-info/PKG-INFO
[1.146s] writing dependency_links to ../../build/package/controller.egg-info/dependency_links.txt
[1.146s] writing entry points to ../../build/package/controller.egg-info/entry_points.txt
[1.146s] writing requirements to ../../build/package/controller.egg-info/requires.txt
[1.146s] writing top-level names to ../../build/package/controller.egg-info/top_level.txt
[1.191s] reading manifest file '../../build/package/controller.egg-info/SOURCES.txt'
[1.191s] writing manifest file '../../build/package/controller.egg-info/SOURCES.txt'
[1.192s] running build
[1.192s] running build_py
[1.192s] running install
[1.198s] running install_lib
[1.221s] running install_data
[1.222s] running install_egg_info
[1.245s] removing '/home/mohamed-khaled/turtle/install/package/lib/python3.12/site-packages/controller-0.0.0-py3.12.egg-info' (and everything under it)
[1.245s] Copying ../../build/package/controller.egg-info to /home/mohamed-khaled/turtle/install/package/lib/python3.12/site-packages/controller-0.0.0-py3.12.egg-info
[1.246s] running install_scripts
[1.387s] Installing controller_node script to /home/mohamed-khaled/turtle/install/package/lib/controller
[1.387s] writing list of installed files to '/home/mohamed-khaled/turtle/build/package/install.log'
[1.415s] Invoked command in '/home/mohamed-khaled/turtle/src/package' returned '0': DEBUGINFOD_URLS=https://debuginfod.ubuntu.com PYTHONPATH=/home/mohamed-khaled/turtle/build/package/prefix_override:/usr/lib/python3/dist-packages/colcon_core/task/python/colcon_distutils_commands:/home/mohamed-khaled/turtle/install/package/lib/python3.12/site-packages:${PYTHONPATH} /usr/bin/python3 -W ignore:setup.py install is deprecated -W ignore:easy_install command is deprecated setup.py egg_info --egg-base ../../build/package build --build-base /home/mohamed-khaled/turtle/build/package/build install --record /home/mohamed-khaled/turtle/build/package/install.log --install-scripts $base/lib/controller --single-version-externally-managed install_data
