running egg_info
creating ../../build/package/controller.egg-info
writing ../../build/package/controller.egg-info/PKG-INFO
writing dependency_links to ../../build/package/controller.egg-info/dependency_links.txt
writing entry points to ../../build/package/controller.egg-info/entry_points.txt
writing requirements to ../../build/package/controller.egg-info/requires.txt
writing top-level names to ../../build/package/controller.egg-info/top_level.txt
writing manifest file '../../build/package/controller.egg-info/SOURCES.txt'
reading manifest file '../../build/package/controller.egg-info/SOURCES.txt'
writing manifest file '../../build/package/controller.egg-info/SOURCES.txt'
running build
running build_py
creating /home/mohamed-khaled/turtle/build/package/build
creating /home/mohamed-khaled/turtle/build/package/build/lib
creating /home/mohamed-khaled/turtle/build/package/build/lib/package
copying package/controller_node.py -> /home/mohamed-khaled/turtle/build/package/build/lib/package
copying package/__init__.py -> /home/mohamed-khaled/turtle/build/package/build/lib/package
running install
running install_lib
creating /home/mohamed-khaled/turtle/install/package/lib/python3.12/site-packages/package
copying /home/mohamed-khaled/turtle/build/package/build/lib/package/controller_node.py -> /home/mohamed-khaled/turtle/install/package/lib/python3.12/site-packages/package
copying /home/mohamed-khaled/turtle/build/package/build/lib/package/__init__.py -> /home/mohamed-khaled/turtle/install/package/lib/python3.12/site-packages/package
byte-compiling /home/mohamed-khaled/turtle/install/package/lib/python3.12/site-packages/package/controller_node.py to controller_node.cpython-312.pyc
byte-compiling /home/mohamed-khaled/turtle/install/package/lib/python3.12/site-packages/package/__init__.py to __init__.cpython-312.pyc
running install_data
copying resource/controller -> /home/mohamed-khaled/turtle/install/package/share/ament_index/resource_index/packages
creating /home/mohamed-khaled/turtle/install/package/share/controller
copying package.xml -> /home/mohamed-khaled/turtle/install/package/share/controller
running install_egg_info
Copying ../../build/package/controller.egg-info to /home/mohamed-khaled/turtle/install/package/lib/python3.12/site-packages/controller-0.0.0-py3.12.egg-info
running install_scripts
Installing controller_node script to /home/mohamed-khaled/turtle/install/package/lib/controller
writing list of installed files to '/home/mohamed-khaled/turtle/build/package/install.log'
