[1.004s] Invoking command in '/home/mohamed-khaled/turtle/src/package': DEBUGINFOD_URLS=https://debuginfod.ubuntu.com PYTHONPATH=/home/mohamed-khaled/turtle/build/package/prefix_override:/usr/lib/python3/dist-packages/colcon_core/task/python/colcon_distutils_commands:/home/mohamed-khaled/turtle/install/package/lib/python3.12/site-packages:${PYTHONPATH} /usr/bin/python3 -W ignore:setup.py install is deprecated -W ignore:easy_install command is deprecated setup.py egg_info --egg-base ../../build/package build --build-base /home/mohamed-khaled/turtle/build/package/build install --record /home/mohamed-khaled/turtle/build/package/install.log --install-scripts $base/lib/controller --single-version-externally-managed install_data
[1.293s] running egg_info
[1.293s] creating ../../build/package/controller.egg-info
[1.315s] writing ../../build/package/controller.egg-info/PKG-INFO
[1.315s] writing dependency_links to ../../build/package/controller.egg-info/dependency_links.txt
[1.315s] writing entry points to ../../build/package/controller.egg-info/entry_points.txt
[1.316s] writing requirements to ../../build/package/controller.egg-info/requires.txt
[1.316s] writing top-level names to ../../build/package/controller.egg-info/top_level.txt
[1.316s] writing manifest file '../../build/package/controller.egg-info/SOURCES.txt'
[1.361s] reading manifest file '../../build/package/controller.egg-info/SOURCES.txt'
[1.362s] writing manifest file '../../build/package/controller.egg-info/SOURCES.txt'
[1.362s] running build
[1.362s] running build_py
[1.362s] creating /home/mohamed-khaled/turtle/build/package/build
[1.362s] creating /home/mohamed-khaled/turtle/build/package/build/lib
[1.362s] creating /home/mohamed-khaled/turtle/build/package/build/lib/package
[1.362s] copying package/controller_node.py -> /home/mohamed-khaled/turtle/build/package/build/lib/package
[1.362s] copying package/__init__.py -> /home/mohamed-khaled/turtle/build/package/build/lib/package
[1.363s] running install
[1.369s] running install_lib
[1.392s] creating /home/mohamed-khaled/turtle/install/package/lib/python3.12/site-packages/package
[1.392s] copying /home/mohamed-khaled/turtle/build/package/build/lib/package/controller_node.py -> /home/mohamed-khaled/turtle/install/package/lib/python3.12/site-packages/package
[1.392s] copying /home/mohamed-khaled/turtle/build/package/build/lib/package/__init__.py -> /home/mohamed-khaled/turtle/install/package/lib/python3.12/site-packages/package
[1.393s] byte-compiling /home/mohamed-khaled/turtle/install/package/lib/python3.12/site-packages/package/controller_node.py to controller_node.cpython-312.pyc
[1.397s] byte-compiling /home/mohamed-khaled/turtle/install/package/lib/python3.12/site-packages/package/__init__.py to __init__.cpython-312.pyc
[1.397s] running install_data
[1.398s] copying resource/controller -> /home/mohamed-khaled/turtle/install/package/share/ament_index/resource_index/packages
[1.398s] creating /home/mohamed-khaled/turtle/install/package/share/controller
[1.398s] copying package.xml -> /home/mohamed-khaled/turtle/install/package/share/controller
[1.398s] running install_egg_info
[1.422s] Copying ../../build/package/controller.egg-info to /home/mohamed-khaled/turtle/install/package/lib/python3.12/site-packages/controller-0.0.0-py3.12.egg-info
[1.423s] running install_scripts
[1.568s] Installing controller_node script to /home/mohamed-khaled/turtle/install/package/lib/controller
[1.568s] writing list of installed files to '/home/mohamed-khaled/turtle/build/package/install.log'
[1.590s] Invoked command in '/home/mohamed-khaled/turtle/src/package' returned '0': DEBUGINFOD_URLS=https://debuginfod.ubuntu.com PYTHONPATH=/home/mohamed-khaled/turtle/build/package/prefix_override:/usr/lib/python3/dist-packages/colcon_core/task/python/colcon_distutils_commands:/home/mohamed-khaled/turtle/install/package/lib/python3.12/site-packages:${PYTHONPATH} /usr/bin/python3 -W ignore:setup.py install is deprecated -W ignore:easy_install command is deprecated setup.py egg_info --egg-base ../../build/package build --build-base /home/mohamed-khaled/turtle/build/package/build install --record /home/mohamed-khaled/turtle/build/package/install.log --install-scripts $base/lib/controller --single-version-externally-managed install_data
