[0.805s] Invoking command in '/home/mohamed-khaled/turtle/src/package': DEBUGINFOD_URLS=https://debuginfod.ubuntu.com PYTHONPATH=/home/mohamed-khaled/turtle/build/package/prefix_override:/usr/lib/python3/dist-packages/colcon_core/task/python/colcon_distutils_commands:/home/mohamed-khaled/turtle/install/package/lib/python3.12/site-packages:${PYTHONPATH} /usr/bin/python3 -W ignore:setup.py install is deprecated -W ignore:easy_install command is deprecated setup.py egg_info --egg-base ../../build/package build --build-base /home/mohamed-khaled/turtle/build/package/build install --record /home/mohamed-khaled/turtle/build/package/install.log --install-scripts $base/lib/package --single-version-externally-managed install_data
[1.079s] running egg_info
[1.079s] creating ../../build/package/package.egg-info
[1.100s] writing ../../build/package/package.egg-info/PKG-INFO
[1.100s] writing dependency_links to ../../build/package/package.egg-info/dependency_links.txt
[1.100s] writing entry points to ../../build/package/package.egg-info/entry_points.txt
[1.100s] writing requirements to ../../build/package/package.egg-info/requires.txt
[1.101s] writing top-level names to ../../build/package/package.egg-info/top_level.txt
[1.101s] writing manifest file '../../build/package/package.egg-info/SOURCES.txt'
[1.144s] reading manifest file '../../build/package/package.egg-info/SOURCES.txt'
[1.145s] writing manifest file '../../build/package/package.egg-info/SOURCES.txt'
[1.145s] running build
[1.145s] running build_py
[1.145s] creating /home/mohamed-khaled/turtle/build/package/build
[1.145s] creating /home/mohamed-khaled/turtle/build/package/build/lib
[1.146s] creating /home/mohamed-khaled/turtle/build/package/build/lib/package
[1.146s] copying package/controller_node.py -> /home/mohamed-khaled/turtle/build/package/build/lib/package
[1.146s] copying package/__init__.py -> /home/mohamed-khaled/turtle/build/package/build/lib/package
[1.146s] running install
[1.152s] running install_lib
[1.174s] creating /home/mohamed-khaled/turtle/install/package/lib/python3.12/site-packages/package
[1.174s] copying /home/mohamed-khaled/turtle/build/package/build/lib/package/controller_node.py -> /home/mohamed-khaled/turtle/install/package/lib/python3.12/site-packages/package
[1.174s] copying /home/mohamed-khaled/turtle/build/package/build/lib/package/__init__.py -> /home/mohamed-khaled/turtle/install/package/lib/python3.12/site-packages/package
[1.174s] byte-compiling /home/mohamed-khaled/turtle/install/package/lib/python3.12/site-packages/package/controller_node.py to controller_node.cpython-312.pyc
[1.175s] byte-compiling /home/mohamed-khaled/turtle/install/package/lib/python3.12/site-packages/package/__init__.py to __init__.cpython-312.pyc
[1.175s] running install_data
[1.175s] creating /home/mohamed-khaled/turtle/install/package/share/ament_index
[1.175s] creating /home/mohamed-khaled/turtle/install/package/share/ament_index/resource_index
[1.175s] creating /home/mohamed-khaled/turtle/install/package/share/ament_index/resource_index/packages
[1.176s] copying resource/package -> /home/mohamed-khaled/turtle/install/package/share/ament_index/resource_index/packages
[1.176s] copying package.xml -> /home/mohamed-khaled/turtle/install/package/share/package
[1.176s] creating /home/mohamed-khaled/turtle/install/package/share/package/launch
[1.176s] copying launch/controller.launch.py -> /home/mohamed-khaled/turtle/install/package/share/package/launch
[1.176s] running install_egg_info
[1.198s] Copying ../../build/package/package.egg-info to /home/mohamed-khaled/turtle/install/package/lib/python3.12/site-packages/package-0.0.0-py3.12.egg-info
[1.199s] running install_scripts
[1.335s] Installing controller_node script to /home/mohamed-khaled/turtle/install/package/lib/package
[1.335s] writing list of installed files to '/home/mohamed-khaled/turtle/build/package/install.log'
[1.356s] Invoked command in '/home/mohamed-khaled/turtle/src/package' returned '0': DEBUGINFOD_URLS=https://debuginfod.ubuntu.com PYTHONPATH=/home/mohamed-khaled/turtle/build/package/prefix_override:/usr/lib/python3/dist-packages/colcon_core/task/python/colcon_distutils_commands:/home/mohamed-khaled/turtle/install/package/lib/python3.12/site-packages:${PYTHONPATH} /usr/bin/python3 -W ignore:setup.py install is deprecated -W ignore:easy_install command is deprecated setup.py egg_info --egg-base ../../build/package build --build-base /home/mohamed-khaled/turtle/build/package/build install --record /home/mohamed-khaled/turtle/build/package/install.log --install-scripts $base/lib/package --single-version-externally-managed install_data
